Connecting to FLUX space...
Connected.

  [skip] obsidian-smoke-globe-a.jpg already exists
  [skip] obsidian-smoke-globe-b.jpg already exists
  [skip] damascus-letter-opener-a.jpg already exists
[4/30] Generating damascus-letter-opener-b.jpg...
  ✗ Failed damascus-letter-opener-b.jpg: You have exceeded your GPU quota (10s requested vs. 0s left). Try again in 0:00:00
[5/30] Generating bronze-celestial-weight-a.jpg...
  ✗ Failed bronze-celestial-weight-a.jpg: You have exceeded your GPU quota (10s requested vs. 0s left). Try again in 0:00:00
[6/30] Generating bronze-celestial-weight-b.jpg...
  ✗ Failed bronze-celestial-weight-b.jpg: You have exceeded your GPU quota (10s requested vs. 0s left). Try again in 0:00:00
[7/30] Generating copper-still-vessel-a.jpg...
  ✗ Failed copper-still-vessel-a.jpg: You have exceeded your GPU quota (10s requested vs. 0s left). Try again in 0:00:00
[8/30] Generating copper-still-vessel-b.jpg...
  ✗ Failed copper-still-vessel-b.jpg: You have exceeded your GPU quota (10s requested vs. 0s left). Try again in 0:00:00
[9/30] Generating mova-globe-earth-a.jpg...
  ✗ Failed mova-globe-earth-a.jpg: You have exceeded your GPU quota (10s requested vs. 0s left). Try again in 0:00:00
[10/30] Generating mova-globe-earth-b.jpg...
  ✗ Failed mova-globe-earth-b.jpg: You have exceeded your GPU quota (10s requested vs. 0s left). Try again in 0:00:00
[11/30] Generating meridian-calendar-a.jpg...
  ✗ Failed meridian-calendar-a.jpg: You have exceeded your GPU quota (10s requested vs. 0s left). Try again in 0:00:00
[12/30] Generating meridian-calendar-b.jpg...
  ✗ Failed meridian-calendar-b.jpg: You have exceeded your GPU quota (10s requested vs. 0s left). Try again in 0:00:00
[13/30] Generating vachetta-desk-pad-a.jpg...
  ✗ Failed vachetta-desk-pad-a.jpg: You have exceeded your GPU quota (10s requested vs. 0s left). Try again in 0:00:00
[14/30] Generating vachetta-desk-pad-b.jpg...
  ✗ Failed vachetta-desk-pad-b.jpg: You have exceeded your GPU quota (10s requested vs. 0s left). Try again in 0:00:00
[15/30] Generating aerospace-fidget-spinner-a.jpg...
  ✗ Failed aerospace-fidget-spinner-a.jpg: You have exceeded your GPU quota (10s requested vs. 0s left). Try again in 0:00:00
[16/30] Generating aerospace-fidget-spinner-b.jpg...
  ✗ Failed aerospace-fidget-spinner-b.jpg: You have exceeded your GPU quota (10s requested vs. 0s left). Try again in 0:00:00
[17/30] Generating tsuru-incense-holder-a.jpg...
  ✗ Failed tsuru-incense-holder-a.jpg: You have exceeded your GPU quota (10s requested vs. 0s left). Try again in 0:00:00
[18/30] Generating tsuru-incense-holder-b.jpg...
  ✗ Failed tsuru-incense-holder-b.jpg: You have exceeded your GPU quota (10s requested vs. 0s left). Try again in 0:00:00
[19/30] Generating wabi-ceramic-pour-set-a.jpg...
  ✗ Failed wabi-ceramic-pour-set-a.jpg: You have exceeded your GPU quota (10s requested vs. 0s left). Try again in 0:00:00
[20/30] Generating wabi-ceramic-pour-set-b.jpg...
  ✗ Failed wabi-ceramic-pour-set-b.jpg: You have exceeded your GPU quota (10s requested vs. 0s left). Try again in 0:00:00
[21/30] Generating fig-cypress-candle-a.jpg...
  ✗ Failed fig-cypress-candle-a.jpg: You have exceeded your GPU quota (10s requested vs. 0s left). Try again in 0:00:00
[22/30] Generating fig-cypress-candle-b.jpg...
  ✗ Failed fig-cypress-candle-b.jpg: You have exceeded your GPU quota (10s requested vs. 0s left). Try again in 0:00:00
[23/30] Generating highland-whisky-stones-a.jpg...
  ✗ Failed highland-whisky-stones-a.jpg: You have exceeded your GPU quota (10s requested vs. 0s left). Try again in 0:00:00
[24/30] Generating highland-whisky-stones-b.jpg...
  ✗ Failed highland-whisky-stones-b.jpg: You have exceeded your GPU quota (10s requested vs. 0s left). Try again in 0:00:00
[25/30] Generating coptic-journal-a.jpg...
  ✗ Failed coptic-journal-a.jpg: You have exceeded your GPU quota (10s requested vs. 0s left). Try again in 0:00:00
[26/30] Generating coptic-journal-b.jpg...
  ✗ Failed coptic-journal-b.jpg: You have exceeded your GPU quota (10s requested vs. 0s left). Try again in 0:00:00
[27/30] Generating gravity-paradox-sphere-a.jpg...
  ✗ Failed gravity-paradox-sphere-a.jpg: You have exceeded your GPU quota (10s requested vs. 0s left). Try again in 0:00:00
[28/30] Generating gravity-paradox-sphere-b.jpg...
  ✗ Failed gravity-paradox-sphere-b.jpg: You have exceeded your GPU quota (10s requested vs. 0s left). Try again in 0:00:00
[29/30] Generating maritime-compass-weight-a.jpg...
  ✗ Failed maritime-compass-weight-a.jpg: You have exceeded your GPU quota (10s requested vs. 0s left). Try again in 0:00:00
[30/30] Generating maritime-compass-weight-b.jpg...
  ✗ Failed maritime-compass-weight-b.jpg: You have exceeded your GPU quota (10s requested vs. 0s left). Try again in 0:00:00

--- Generation complete ---
Generated: 3 / 30
Updated obsidian-smoke-globe: ['/images/obsidian-smoke-globe-a.jpg', '/images/obsidian-smoke-globe-b.jpg']
Updated damascus-letter-opener: ['/images/damascus-letter-opener-a.jpg']

fairchild.json updated ✓
